../Src/main.c:58:6:enable_interrupts	4	static
../Src/main.c:75:6:set_scheduler_time	24	static
../Src/main.c:92:6:init_task_structs	16	static
../Src/main.c:120:29:stack_init	0	static,ignoring_inline_asm
../Src/main.c:130:6:init_tasks	16	static
../Src/main.c:159:29:switch_to_PSP	0	static,ignoring_inline_asm
../Src/main.c:183:5:main	8	static
../Src/main.c:220:6:idle_task	4	static
../Src/main.c:224:6:task_1_handler	8	static
../Src/main.c:231:6:task_2_handler	8	static
../Src/main.c:237:6:task_3_handler	8	static
../Src/main.c:243:6:task_4_handler	8	static
../Src/main.c:252:10:get_curr_task_psp	4	static
../Src/main.c:256:6:update_task	4	static
../Src/main.c:270:29:SysTick_Handler	0	static,ignoring_inline_asm
