../Src/main.c:67:6:enable_interrupts	4	static
../Src/main.c:84:6:set_scheduler_time	24	static
../Src/main.c:101:6:init_task_handler_addrs	4	static
../Src/main.c:110:29:stack_init	0	static,ignoring_inline_asm
../Src/main.c:120:6:init_tasks	16	static
../Src/main.c:153:29:switch_to_PSP	0	static,ignoring_inline_asm
../Src/main.c:177:5:main	8	static
../Src/main.c:207:6:task_1_handler	8	static
../Src/main.c:214:6:task_2_handler	8	static
../Src/main.c:220:6:task_3_handler	8	static
../Src/main.c:226:6:task_4_handler	8	static
../Src/main.c:241:10:get_curr_task_psp	4	static
../Src/main.c:245:6:update_task	4	static
../Src/main.c:253:29:SysTick_Handler	0	static,ignoring_inline_asm
