../Src/syscalls.c:58:6:ITM_SendChar	16	static
../Src/syscalls.c:88:6:initialise_monitor_handles	4	static
../Src/syscalls.c:92:5:_getpid	4	static
../Src/syscalls.c:97:5:_kill	16	static
../Src/syscalls.c:105:6:_exit	16	static
../Src/syscalls.c:111:27:_read	32	static
../Src/syscalls.c:124:27:_write	32	static
../Src/syscalls.c:136:5:_close	16	static
../Src/syscalls.c:143:5:_fstat	16	static
../Src/syscalls.c:150:5:_isatty	16	static
../Src/syscalls.c:156:5:_lseek	24	static
../Src/syscalls.c:164:5:_open	12	static
../Src/syscalls.c:172:5:_wait	16	static
../Src/syscalls.c:179:5:_unlink	16	static
../Src/syscalls.c:186:5:_times	16	static
../Src/syscalls.c:192:5:_stat	16	static
../Src/syscalls.c:199:5:_link	16	static
../Src/syscalls.c:207:5:_fork	8	static
../Src/syscalls.c:213:5:_execve	24	static
