17:40:26 **** Incremental Build of configuration Debug for project 03_HSE_output ****
make -j7 all 
arm-none-eabi-gcc "../Src/main.c" -mcpu=cortex-m4 -std=gnu11 -g3 -DDEBUG -DSTM32 -DSTM32F407G_DISC1 -DSTM32F4 -DSTM32F407VGTx -c -I../Inc -O0 -ffunction-sections -fdata-sections -Wall -fstack-usage -MMD -MP -MF"Src/main.d" -MT"Src/main.o" --specs=nano.specs -mfloat-abi=soft -mthumb -o "Src/main.o"
arm-none-eabi-gcc -o "03_HSE_output.elf" @"objects.list"   -mcpu=cortex-m4 -T"/Users/chimaochiagha/STM32CubeIDE/MyWorkspace/Target/03_HSE_output/STM32F407VGTX_FLASH.ld" --specs=nosys.specs -Wl,-Map="03_HSE_output.map" -Wl,--gc-sections -static --specs=nano.specs -mfloat-abi=soft -mthumb -Wl,--start-group -lc -lm -Wl,--end-group
Finished building target: 03_HSE_output.elf
 
arm-none-eabi-size   03_HSE_output.elf 
arm-none-eabi-objdump -h -S  03_HSE_output.elf  > "03_HSE_output.list"
   text	   data	    bss	    dec	    hex	filename
    832	      8	   1568	   2408	    968	03_HSE_output.elf
Finished building: default.size.stdout
 
Finished building: 03_HSE_output.list
 

17:40:26 Build Finished. 0 errors, 0 warnings. (took 592ms)

