22:52:45 **** Incremental Build of configuration Debug for project 03_Push_button_interrupt ****
make -j7 all 
arm-none-eabi-gcc "../Src/main.c" -mcpu=cortex-m4 -std=gnu11 -g3 -DDEBUG -DSTM32 -DSTM32F407G_DISC1 -DSTM32F4 -DSTM32F407VGTx -c -I../Inc -O0 -ffunction-sections -fdata-sections -Wall -fstack-usage -MMD -MP -MF"Src/main.d" -MT"Src/main.o" --specs=nano.specs -mfloat-abi=soft -mthumb -o "Src/main.o"
arm-none-eabi-gcc -o "03_Push_button_interrupt.elf" @"objects.list"   -mcpu=cortex-m4 -T"/Users/chimaochiagha/STM32CubeIDE/MyWorkspace/Target/03_Push_button_interrupt/STM32F407VGTX_FLASH.ld" --specs=nosys.specs -Wl,-Map="03_Push_button_interrupt.map" -Wl,--gc-sections -static --specs=nano.specs -mfloat-abi=soft -mthumb -Wl,--start-group -lc -lm -Wl,--end-group
Finished building target: 03_Push_button_interrupt.elf
 
arm-none-eabi-size   03_Push_button_interrupt.elf 
arm-none-eabi-objdump -h -S  03_Push_button_interrupt.elf  > "03_Push_button_interrupt.list"
   text	   data	    bss	    dec	    hex	filename
   4012	    108	   1588	   5708	   164c	03_Push_button_interrupt.elf
Finished building: default.size.stdout
 
Finished building: 03_Push_button_interrupt.list
 

22:52:45 Build Finished. 0 errors, 0 warnings. (took 560ms)

