13:31:15 **** Incremental Build of configuration Debug for project Scheduler ****
make -j7 all 
arm-none-eabi-gcc "../Src/main.c" -mcpu=cortex-m4 -std=gnu11 -g3 -DDEBUG -DSTM32 -DSTM32F407G_DISC1 -DSTM32F4 -DSTM32F407VGTx -c -I../Inc -O0 -ffunction-sections -fdata-sections -Wall -fstack-usage -MMD -MP -MF"Src/main.d" -MT"Src/main.o" --specs=nano.specs -mfloat-abi=soft -mthumb -o "Src/main.o"
arm-none-eabi-gcc -o "Scheduler.elf" @"objects.list"   -mcpu=cortex-m4 -T"/Users/chimaochiagha/STM32CubeIDE/MyWorkspace/Target/Scheduler/STM32F407VGTX_FLASH.ld" --specs=nosys.specs -Wl,-Map="Scheduler.map" -Wl,--gc-sections -static --specs=nano.specs -mfloat-abi=soft -mthumb -u _printf_float -u _scanf_float -Wl,--start-group -lc -lm -Wl,--end-group
Finished building target: Scheduler.elf
 
arm-none-eabi-size   Scheduler.elf 
arm-none-eabi-objdump -h -S  Scheduler.elf  > "Scheduler.list"
   text	   data	    bss	    dec	    hex	filename
  25520	    480	   1672	  27672	   6c18	Scheduler.elf
Finished building: default.size.stdout
 
Finished building: Scheduler.list
 
13:31:26 **** Incremental Build of configuration Debug for project Scheduler ****
make -j7 all 
arm-none-eabi-size   Scheduler.elf 
   text	   data	    bss	    dec	    hex	filename
  25520	    480	   1672	  27672	   6c18	Scheduler.elf
Finished building: default.size.stdout
 
