14:14:41 **** Incremental Build of configuration Debug for project System_Interrupts ****
make -j7 all 
arm-none-eabi-gcc "../Src/main.c" -mcpu=cortex-m4 -std=gnu11 -g3 -DDEBUG -DSTM32 -DSTM32F407G_DISC1 -DSTM32F4 -DSTM32F407VGTx -c -I../Inc -O0 -ffunction-sections -fdata-sections -Wall -fstack-usage -MMD -MP -MF"Src/main.d" -MT"Src/main.o" --specs=nano.specs -mfloat-abi=soft -mthumb -o "Src/main.o"
arm-none-eabi-gcc -o "System_Interrupts.elf" @"objects.list"   -mcpu=cortex-m4 -T"/Users/chimaochiagha/STM32CubeIDE/MyWorkspace/Target/System_Interrupts/STM32F407VGTX_FLASH.ld" --specs=nosys.specs -Wl,-Map="System_Interrupts.map" -Wl,--gc-sections -static --specs=nano.specs -mfloat-abi=soft -mthumb -u _printf_float -u _scanf_float -Wl,--start-group -lc -lm -Wl,--end-group
Finished building target: System_Interrupts.elf
 
arm-none-eabi-size   System_Interrupts.elf 
arm-none-eabi-objdump -h -S  System_Interrupts.elf  > "System_Interrupts.list"
   text	   data	    bss	    dec	    hex	filename
  24628	    476	   1588	  26692	   6844	System_Interrupts.elf
Finished building: default.size.stdout
 
Finished building: System_Interrupts.list
 

14:14:41 Build Finished. 0 errors, 0 warnings. (took 572ms)

